Copyright 1986-2020 Xilinx, Inc. All Rights Reserved.
-------------------------------------------------------------------------------------
| Tool Version : Vivado v.2020.2 (win64) Build 3064766 Wed Nov 18 09:12:45 MST 2020
| Date         : Tue Mar 15 17:42:01 2022
| Host         : LAPTOP-OHVOUTMM running 64-bit major release  (build 9200)
| Command      : report_control_sets -verbose -file au_top_0_control_sets_placed.rpt
| Design       : au_top_0
| Device       : xc7a35t
-------------------------------------------------------------------------------------

Control Set Information

Table of Contents
-----------------
1. Summary
2. Histogram
3. Flip-Flop Distribution
4. Detailed Control Set Information

1. Summary
----------

+----------------------------------------------------------+-------+
|                          Status                          | Count |
+----------------------------------------------------------+-------+
| Total control sets                                       |    12 |
|    Minimum number of control sets                        |    12 |
|    Addition due to synthesis replication                 |     0 |
|    Addition due to physical synthesis replication        |     0 |
| Unused register locations in slices containing registers |    39 |
+----------------------------------------------------------+-------+
* Control sets can be merged at opt_design using control_set_merge or merge_equivalent_drivers
** Run report_qor_suggestions for automated merging and remapping suggestions


2. Histogram
------------

+--------------------+-------+
|       Fanout       | Count |
+--------------------+-------+
| Total control sets |    12 |
| >= 0 to < 4        |     0 |
| >= 4 to < 6        |     2 |
| >= 6 to < 8        |     1 |
| >= 8 to < 10       |     1 |
| >= 10 to < 12      |     0 |
| >= 12 to < 14      |     0 |
| >= 14 to < 16      |     0 |
| >= 16              |     8 |
+--------------------+-------+
* Control sets can be remapped at either synth_design or opt_design


3. Flip-Flop Distribution
-------------------------

+--------------+-----------------------+------------------------+-----------------+--------------+
| Clock Enable | Synchronous Set/Reset | Asynchronous Set/Reset | Total Registers | Total Slices |
+--------------+-----------------------+------------------------+-----------------+--------------+
| No           | No                    | No                     |               9 |            9 |
| No           | No                    | Yes                    |               0 |            0 |
| No           | Yes                   | No                     |              50 |           13 |
| Yes          | No                    | No                     |               0 |            0 |
| Yes          | No                    | Yes                    |               0 |            0 |
| Yes          | Yes                   | No                     |             134 |           44 |
+--------------+-----------------------+------------------------+-----------------+--------------+


4. Detailed Control Set Information
-----------------------------------

+---------------------------------------+-------------------------------------------+--------------------------------------------+------------------+----------------+--------------+
|              Clock Signal             |               Enable Signal               |              Set/Reset Signal              | Slice Load Count | Bel Load Count | Bels / Slice |
+---------------------------------------+-------------------------------------------+--------------------------------------------+------------------+----------------+--------------+
|  clk_IBUF_BUFG                        |                                           | reset_cond/M_reset_cond_in                 |                1 |              4 |         4.00 |
|  test/tcl/slowclock/M_ctr_q_reg[26]_0 |                                           | reset_cond/SR[0]                           |                1 |              5 |         5.00 |
|  clk_IBUF_BUFG                        | pause_switch/E[0]                         | reset_cond/rst                             |                4 |              6 |         1.50 |
|  clk_IBUF_BUFG                        |                                           |                                            |                9 |              9 |         1.00 |
|  clk_IBUF_BUFG                        | pause_switch/M_ctr_q_reg[6]_0             | reset_cond/rst                             |                3 |             16 |         5.33 |
|  clk_IBUF_BUFG                        | pause_switch/M_ctr_q_reg[6]_2[0]          | reset_cond/rst                             |                8 |             16 |         2.00 |
|  clk_IBUF_BUFG                        | pause_switch/M_ctr_q_reg[6]_1[0]          | reset_cond/rst                             |                9 |             16 |         1.78 |
|  clk_IBUF_BUFG                        | pause_switch/M_ctr_q_reg[6]_0             | pause_switch/sync/M_pipe_q_reg[1]_0        |                5 |             20 |         4.00 |
|  clk_IBUF_BUFG                        | btn_cond/M_ctr_q[0]_i_2__1_n_0            | btn_cond/sync/M_pipe_q_reg[1]_0            |                5 |             20 |         4.00 |
|  clk_IBUF_BUFG                        | manual_reset_button/M_ctr_q[0]_i_2__0_n_0 | manual_reset_button/sync/M_pipe_q_reg[1]_0 |                5 |             20 |         4.00 |
|  clk_IBUF_BUFG                        | manual_step_button/sel                    | manual_step_button/sync/clear              |                5 |             20 |         4.00 |
|  clk_IBUF_BUFG                        |                                           | reset_cond/rst                             |               11 |             41 |         3.73 |
+---------------------------------------+-------------------------------------------+--------------------------------------------+------------------+----------------+--------------+


